// Vitest Snapshot v1, https://vitest.dev/guide/snapshot.html

exports[`multi-node > multi-node collection 1`] = `
{
  "children": [
    {
      "path": [
        "values",
      ],
      "value": {
        "override": true,
        "parent": [Circular],
        "type": "multi-node",
        "values": [
          {
            "children": [
              {
                "path": [
                  "asset",
                ],
                "value": {
                  "parent": [Circular],
                  "type": "asset",
                  "value": {
                    "id": "value-1",
                    "type": "text",
                    "value": "First value in the collection",
                  },
                },
              },
            ],
            "parent": [Circular],
            "type": "value",
            "value": undefined,
          },
          {
            "children": [
              {
                "path": [
                  "asset",
                ],
                "value": {
                  "parent": [Circular],
                  "type": "asset",
                  "value": {
                    "id": "value-2",
                    "type": "text",
                    "value": "Second value in the collection",
                  },
                },
              },
            ],
            "parent": [Circular],
            "type": "value",
            "value": undefined,
          },
        ],
      },
    },
  ],
  "type": "value",
  "value": {
    "id": "foo",
    "type": "collection",
  },
}
`;
